
*** Running vivado
    with args -log vga_top.vds -m64 -product Vivado -mode batch -messageDb vivado.pb -notrace -source vga_top.tcl



****** Vivado v2025.2 (64-bit)
  **** SW Build 6299465 on Fri Nov 14 19:35:11 GMT 2025
  **** IP Build 6300035 on Fri Nov 14 10:48:45 MST 2025
  **** SharedData Build 6298862 on Thu Nov 13 04:50:51 MST 2025
  **** Start of session at: Fri May 22 21:32:47 2026
    ** Copyright 1986-2022 Xilinx, Inc. All Rights Reserved.
    ** Copyright 2022-2025 Advanced Micro Devices, Inc. All Rights Reserved.

source vga_top.tcl -notrace
create_project: Time (s): cpu = 00:00:08 ; elapsed = 00:00:19 . Memory (MB): peak = 530.098 ; gain = 220.836
Command: synth_design -top vga_top -part xc7a35tcpg236-1
Starting synth_design
Attempting to get a license for feature 'Synthesis' and/or device 'xc7a35t'
INFO: [Common 17-349] Got license for feature 'Synthesis' and/or device 'xc7a35t'
INFO: [Device 21-403] Loading part xc7a35tcpg236-1
INFO: [Synth 8-7079] Multithreading enabled for synth_design using a maximum of 2 processes.
INFO: [Synth 8-7078] Launching helper process for spawning children vivado processes
INFO: [Synth 8-7075] Helper process launched with PID 24780
---------------------------------------------------------------------------------
Starting RTL Elaboration : Time (s): cpu = 00:00:04 ; elapsed = 00:00:05 . Memory (MB): peak = 1258.730 ; gain = 540.539
---------------------------------------------------------------------------------
INFO: [Synth 8-638] synthesizing module 'vga_top' [C:/Users/081230047/Downloads/projeto_nrz_i/projeto_nrz_i/projeto_nrz_i.srcs/sources_1/new/vga_top.vhd:24]
INFO: [Synth 8-3491] module 'nrz_i' declared at 'C:/Users/081230047/Downloads/projeto_nrz_i/projeto_nrz_i/projeto_nrz_i.srcs/sources_1/new/nrz_i.vhd:5' bound to instance 'U_NRZ_I' of component 'nrz_i' [C:/Users/081230047/Downloads/projeto_nrz_i/projeto_nrz_i/projeto_nrz_i.srcs/sources_1/new/vga_top.vhd:57]
INFO: [Synth 8-638] synthesizing module 'nrz_i' [C:/Users/081230047/Downloads/projeto_nrz_i/projeto_nrz_i/projeto_nrz_i.srcs/sources_1/new/nrz_i.vhd:18]
	Parameter CYCLES_PER_BIT bound to: 50000000 - type: integer 
INFO: [Synth 8-256] done synthesizing module 'nrz_i' (0#1) [C:/Users/081230047/Downloads/projeto_nrz_i/projeto_nrz_i/projeto_nrz_i.srcs/sources_1/new/nrz_i.vhd:18]
INFO: [Synth 8-256] done synthesizing module 'vga_top' (0#1) [C:/Users/081230047/Downloads/projeto_nrz_i/projeto_nrz_i/projeto_nrz_i.srcs/sources_1/new/vga_top.vhd:24]
WARNING: [Synth 8-3917] design vga_top has port vgaBlue[3] driven by constant 0
WARNING: [Synth 8-3917] design vga_top has port vgaBlue[2] driven by constant 0
WARNING: [Synth 8-3917] design vga_top has port vgaBlue[1] driven by constant 0
---------------------------------------------------------------------------------
Finished RTL Elaboration : Time (s): cpu = 00:00:05 ; elapsed = 00:00:07 . Memory (MB): peak = 1378.422 ; gain = 660.230
---------------------------------------------------------------------------------
---------------------------------------------------------------------------------
Start Handling Custom Attributes
---------------------------------------------------------------------------------
---------------------------------------------------------------------------------
Finished Handling Custom Attributes : Time (s): cpu = 00:00:05 ; elapsed = 00:00:07 . Memory (MB): peak = 1378.422 ; gain = 660.230
---------------------------------------------------------------------------------
---------------------------------------------------------------------------------
Finished RTL Optimization Phase 1 : Time (s): cpu = 00:00:05 ; elapsed = 00:00:07 . Memory (MB): peak = 1378.422 ; gain = 660.230
---------------------------------------------------------------------------------
Netlist sorting complete. Time (s): cpu = 00:00:00 ; elapsed = 00:00:00.002 . Memory (MB): peak = 1378.422 ; gain = 0.000
INFO: [Project 1-570] Preparing netlist for logic optimization

Processing XDC Constraints
Initializing timing engine
Parsing XDC File [C:/Users/081230047/Downloads/projeto_nrz_i/projeto_nrz_i/projeto_nrz_i.srcs/constrs_1/nrz_i.xdc]
Finished Parsing XDC File [C:/Users/081230047/Downloads/projeto_nrz_i/projeto_nrz_i/projeto_nrz_i.srcs/constrs_1/nrz_i.xdc]
INFO: [Project 1-236] Implementation specific constraints were found while reading constraint file [C:/Users/081230047/Downloads/projeto_nrz_i/projeto_nrz_i/projeto_nrz_i.srcs/constrs_1/nrz_i.xdc]. These constraints will be ignored for synthesis but will be used in implementation. Impacted constraints are listed in the file [.Xil/vga_top_propImpl.xdc].
Resolution: To avoid this warning, move constraints listed in [.Xil/vga_top_propImpl.xdc] to another XDC file and exclude this new file from synthesis with the used_in_synthesis property (File Properties dialog in GUI) and re-run elaboration/synthesis.
Completed Processing XDC Constraints

Netlist sorting complete. Time (s): cpu = 00:00:00 ; elapsed = 00:00:00 . Memory (MB): peak = 1447.629 ; gain = 0.000
INFO: [Project 1-111] Unisim Transformation Summary:
No Unisim elements were transformed.

Constraint Validation Runtime : Time (s): cpu = 00:00:00 ; elapsed = 00:00:00.004 . Memory (MB): peak = 1447.629 ; gain = 0.000
---------------------------------------------------------------------------------
Finished Constraint Validation : Time (s): cpu = 00:00:11 ; elapsed = 00:00:14 . Memory (MB): peak = 1447.629 ; gain = 729.438
---------------------------------------------------------------------------------
---------------------------------------------------------------------------------
Start Loading Part and Timing Information
---------------------------------------------------------------------------------
Loading part: xc7a35tcpg236-1
---------------------------------------------------------------------------------
Finished Loading Part and Timing Information : Time (s): cpu = 00:00:11 ; elapsed = 00:00:14 . Memory (MB): peak = 1447.629 ; gain = 729.438
---------------------------------------------------------------------------------
---------------------------------------------------------------------------------
Start Applying 'set_property' XDC Constraints
---------------------------------------------------------------------------------
---------------------------------------------------------------------------------
Finished applying 'set_property' XDC Constraints : Time (s): cpu = 00:00:11 ; elapsed = 00:00:14 . Memory (MB): peak = 1447.629 ; gain = 729.438
---------------------------------------------------------------------------------
---------------------------------------------------------------------------------
Finished RTL Optimization Phase 2 : Time (s): cpu = 00:00:11 ; elapsed = 00:00:14 . Memory (MB): peak = 1447.629 ; gain = 729.438
---------------------------------------------------------------------------------
---------------------------------------------------------------------------------
Start RTL Component Statistics 
---------------------------------------------------------------------------------
Detailed RTL Component Info : 
+---Adders : 
	   2 Input   26 Bit       Adders := 1     
	   2 Input   10 Bit       Adders := 2     
	   2 Input    5 Bit       Adders := 1     
	   2 Input    4 Bit       Adders := 1     
	   2 Input    2 Bit       Adders := 1     
+---Registers : 
	               26 Bit    Registers := 1     
	               10 Bit    Registers := 2     
	                4 Bit    Registers := 1     
	                2 Bit    Registers := 1     
	                1 Bit    Registers := 6     
+---Muxes : 
	   2 Input   26 Bit        Muxes := 2     
	   2 Input    4 Bit        Muxes := 5     
	   2 Input    1 Bit        Muxes := 12    
	   3 Input    1 Bit        Muxes := 1     
---------------------------------------------------------------------------------
Finished RTL Component Statistics 
---------------------------------------------------------------------------------
---------------------------------------------------------------------------------
Start Part Resource Summary
---------------------------------------------------------------------------------
Part Resources:
DSPs: 90 (col length:60)
BRAMs: 100 (col length: RAMB18 60 RAMB36 30)
---------------------------------------------------------------------------------
Finished Part Resource Summary
---------------------------------------------------------------------------------
---------------------------------------------------------------------------------
Start Cross Boundary and Area Optimization
---------------------------------------------------------------------------------
WARNING: [Synth 8-3917] design vga_top has port vgaBlue[3] driven by constant 0
WARNING: [Synth 8-3917] design vga_top has port vgaBlue[2] driven by constant 0
WARNING: [Synth 8-3917] design vga_top has port vgaBlue[1] driven by constant 0
---------------------------------------------------------------------------------
Finished Cross Boundary and Area Optimization : Time (s): cpu = 00:00:13 ; elapsed = 00:00:16 . Memory (MB): peak = 1447.629 ; gain = 729.438
---------------------------------------------------------------------------------
---------------------------------------------------------------------------------
Start Applying XDC Timing Constraints
---------------------------------------------------------------------------------
---------------------------------------------------------------------------------
Finished Applying XDC Timing Constraints : Time (s): cpu = 00:00:17 ; elapsed = 00:00:20 . Memory (MB): peak = 1575.953 ; gain = 857.762
---------------------------------------------------------------------------------
---------------------------------------------------------------------------------
Start Timing Optimization
---------------------------------------------------------------------------------
---------------------------------------------------------------------------------
Finished Timing Optimization : Time (s): cpu = 00:00:17 ; elapsed = 00:00:21 . Memory (MB): peak = 1606.406 ; gain = 888.215
---------------------------------------------------------------------------------
---------------------------------------------------------------------------------
Start Technology Mapping
---------------------------------------------------------------------------------
---------------------------------------------------------------------------------
Finished Technology Mapping : Time (s): cpu = 00:00:17 ; elapsed = 00:00:21 . Memory (MB): peak = 1606.406 ; gain = 888.215
---------------------------------------------------------------------------------
---------------------------------------------------------------------------------
Start IO Insertion
---------------------------------------------------------------------------------
---------------------------------------------------------------------------------
Start Flattening Before IO Insertion
---------------------------------------------------------------------------------
---------------------------------------------------------------------------------
Finished Flattening Before IO Insertion
---------------------------------------------------------------------------------
---------------------------------------------------------------------------------
Start Final Netlist Cleanup
---------------------------------------------------------------------------------
---------------------------------------------------------------------------------
Finished Final Netlist Cleanup
---------------------------------------------------------------------------------
---------------------------------------------------------------------------------
Finished IO Insertion : Time (s): cpu = 00:00:20 ; elapsed = 00:00:23 . Memory (MB): peak = 1836.430 ; gain = 1118.238
---------------------------------------------------------------------------------
---------------------------------------------------------------------------------
Start Renaming Generated Instances
---------------------------------------------------------------------------------
---------------------------------------------------------------------------------
Finished Renaming Generated Instances : Time (s): cpu = 00:00:20 ; elapsed = 00:00:23 . Memory (MB): peak = 1836.430 ; gain = 1118.238
---------------------------------------------------------------------------------
---------------------------------------------------------------------------------
Start Rebuilding User Hierarchy
---------------------------------------------------------------------------------
---------------------------------------------------------------------------------
Finished Rebuilding User Hierarchy : Time (s): cpu = 00:00:20 ; elapsed = 00:00:23 . Memory (MB): peak = 1836.430 ; gain = 1118.238
---------------------------------------------------------------------------------
---------------------------------------------------------------------------------
Start Renaming Generated Ports
---------------------------------------------------------------------------------
---------------------------------------------------------------------------------
Finished Renaming Generated Ports : Time (s): cpu = 00:00:20 ; elapsed = 00:00:23 . Memory (MB): peak = 1836.430 ; gain = 1118.238
---------------------------------------------------------------------------------
---------------------------------------------------------------------------------
Start Handling Custom Attributes
---------------------------------------------------------------------------------
---------------------------------------------------------------------------------
Finished Handling Custom Attributes : Time (s): cpu = 00:00:20 ; elapsed = 00:00:23 . Memory (MB): peak = 1836.430 ; gain = 1118.238
---------------------------------------------------------------------------------
---------------------------------------------------------------------------------
Start Renaming Generated Nets
---------------------------------------------------------------------------------
---------------------------------------------------------------------------------
Finished Renaming Generated Nets : Time (s): cpu = 00:00:20 ; elapsed = 00:00:23 . Memory (MB): peak = 1836.430 ; gain = 1118.238
---------------------------------------------------------------------------------
---------------------------------------------------------------------------------
Start Writing Synthesis Report
---------------------------------------------------------------------------------

Report BlackBoxes: 
+-+--------------+----------+
| |BlackBox name |Instances |
+-+--------------+----------+
+-+--------------+----------+

Report Cell Usage: 
+------+-------+------+
|      |Cell   |Count |
+------+-------+------+
|1     |BUFG   |     1|
|2     |CARRY4 |     7|
|3     |LUT1   |     2|
|4     |LUT2   |     8|
|5     |LUT3   |     7|
|6     |LUT4   |    15|
|7     |LUT5   |    36|
|8     |LUT6   |    28|
|9     |FDCE   |    49|
|10    |FDPE   |     6|
|11    |FDRE   |     3|
|12    |IBUF   |    19|
|13    |OBUF   |    15|
+------+-------+------+
---------------------------------------------------------------------------------
Finished Writing Synthesis Report : Time (s): cpu = 00:00:20 ; elapsed = 00:00:23 . Memory (MB): peak = 1836.430 ; gain = 1118.238
---------------------------------------------------------------------------------
Synthesis finished with 0 errors, 0 critical warnings and 3 warnings.
Synthesis Optimization Runtime : Time (s): cpu = 00:00:13 ; elapsed = 00:00:22 . Memory (MB): peak = 1836.430 ; gain = 1049.031
Synthesis Optimization Complete : Time (s): cpu = 00:00:20 ; elapsed = 00:00:23 . Memory (MB): peak = 1836.430 ; gain = 1118.238
INFO: [Project 1-571] Translating synthesized netlist
Netlist sorting complete. Time (s): cpu = 00:00:00 ; elapsed = 00:00:00.001 . Memory (MB): peak = 1841.988 ; gain = 0.000
INFO: [Netlist 29-17] Analyzing 7 Unisim elements for replacement
INFO: [Netlist 29-28] Unisim Transformation completed in 0 CPU seconds
INFO: [Project 1-570] Preparing netlist for logic optimization
INFO: [Opt 31-138] Pushed 0 inverter(s) to 0 load pin(s).
Netlist sorting complete. Time (s): cpu = 00:00:00 ; elapsed = 00:00:00 . Memory (MB): peak = 1845.699 ; gain = 0.000
INFO: [Project 1-111] Unisim Transformation Summary:
No Unisim elements were transformed.

Synth Design complete | Checksum: b7c7e535
INFO: [Common 17-83] Releasing license: Synthesis
20 Infos, 6 Warnings, 0 Critical Warnings and 0 Errors encountered.
synth_design completed successfully
synth_design: Time (s): cpu = 00:00:24 ; elapsed = 00:00:35 . Memory (MB): peak = 1845.699 ; gain = 1315.602
Write ShapeDB Complete: Time (s): cpu = 00:00:00 ; elapsed = 00:00:00.001 . Memory (MB): peak = 1845.699 ; gain = 0.000
INFO: [Common 17-1381] The checkpoint 'C:/Users/081230047/Downloads/projeto_nrz_i/projeto_nrz_i/projeto_nrz_i.runs/synth_1/vga_top.dcp' has been generated.
INFO: [Vivado 12-24828] Executing command : report_utilization -file vga_top_utilization_synth.rpt -pb vga_top_utilization_synth.pb
INFO: [Common 17-206] Exiting Vivado at Fri May 22 21:33:58 2026...
